\BOOKMARK [1][]{section.1}{1 Single-Choice and Multiple Choice}{}% 1
\BOOKMARK [1][]{section.2}{2 More than one Question}{}% 2
